{"ts":"2026-03-01T05:59:03.561Z","message":"Login request received","route":"/auth/login","ip":"::1","rawQuery":{"username":"admin","database":"KOL","_t":"1772344743525"}}
{"ts":"2026-03-01T05:59:03.564Z","message":"Login params normalized","username":"admin","databaseParam":"KOL","selectedDatabase":"KOL"}
{"ts":"2026-03-01T05:59:03.647Z","message":"Attempting to get DB pool","selectedDatabase":"KOL"}
{"ts":"2026-03-01T05:59:05.664Z","message":"DB pool acquired","selectedDatabase":"KOL"}
{"ts":"2026-03-01T05:59:05.871Z","message":"Diagnostics - DB and SP availability","selectedDatabase":"KOL","currentDb":"IndusEnterprise","getMachinesForUserExists":true,"spId":659025629}
{"ts":"2026-03-01T05:59:06.010Z","message":"Login SP executed","storedProcedure":"dbo.GetMachinesForUser","selectedDatabase":"KOL","resultRowCount":20,"resultColumns":["UserID","LedgerID","machineid","machinename","departmentid","productionunitid"]}
{"ts":"2026-03-01T05:59:06.012Z","message":"Login success","selectedDatabase":"KOL","username":"admin","userId":2,"ledgerId":6349,"machinesCount":20,"currentDb":"IndusEnterprise"}
{"ts":"2026-03-02T09:03:22.369Z","message":"Login request received","route":"/auth/login","ip":"::1","rawQuery":{"username":"admin","database":"KOL","_t":"1772442202334"}}
{"ts":"2026-03-02T09:03:22.372Z","message":"Login params normalized","username":"admin","databaseParam":"KOL","selectedDatabase":"KOL"}
{"ts":"2026-03-02T09:03:22.374Z","message":"Attempting to get DB pool","selectedDatabase":"KOL"}
{"ts":"2026-03-02T09:03:23.280Z","message":"DB pool acquired","selectedDatabase":"KOL"}
{"ts":"2026-03-02T09:03:23.542Z","message":"Diagnostics - DB and SP availability","selectedDatabase":"KOL","currentDb":"IndusEnterprise","getMachinesForUserExists":true,"spId":659025629}
{"ts":"2026-03-02T09:03:23.656Z","message":"Login SP executed","storedProcedure":"dbo.GetMachinesForUser","selectedDatabase":"KOL","resultRowCount":20,"resultColumns":["UserID","LedgerID","machineid","machinename","departmentid","productionunitid"]}
{"ts":"2026-03-02T09:03:23.657Z","message":"Login success","selectedDatabase":"KOL","username":"admin","userId":2,"ledgerId":6349,"machinesCount":20,"currentDb":"IndusEnterprise"}
{"ts":"2026-03-28T11:08:39.590Z","message":"Login request received","route":"/auth/login","ip":"::1","rawQuery":{"username":"Badal","database":"KOL","_t":"1774696119562"}}
{"ts":"2026-03-28T11:08:39.593Z","message":"Login params normalized","username":"Badal","databaseParam":"KOL","selectedDatabase":"KOL"}
{"ts":"2026-03-28T11:08:39.605Z","message":"Attempting to get DB pool","selectedDatabase":"KOL"}
{"ts":"2026-03-28T11:08:40.835Z","message":"DB pool acquired","selectedDatabase":"KOL"}
{"ts":"2026-03-28T11:08:41.252Z","message":"Diagnostics - DB and SP availability","selectedDatabase":"KOL","currentDb":"IndusEnterprise","getMachinesForUserExists":true,"spId":659025629}
{"ts":"2026-03-28T11:08:41.435Z","message":"Login SP executed","storedProcedure":"dbo.GetMachinesForUser","selectedDatabase":"KOL","resultRowCount":11,"resultColumns":["UserID","LedgerID","machineid","machinename","departmentid","productionunitid"]}
{"ts":"2026-03-28T11:08:41.437Z","message":"Login success","selectedDatabase":"KOL","username":"Badal","userId":75,"ledgerId":8657,"machinesCount":11,"currentDb":"IndusEnterprise"}
{"ts":"2026-03-28T11:19:03.841Z","message":"Login request received","route":"/auth/login","ip":"::1","rawQuery":{"username":"Jayant","database":"KOL","_t":"1774696743819"}}
{"ts":"2026-03-28T11:19:03.842Z","message":"Login params normalized","username":"Jayant","databaseParam":"KOL","selectedDatabase":"KOL"}
{"ts":"2026-03-28T11:19:03.843Z","message":"Attempting to get DB pool","selectedDatabase":"KOL"}
{"ts":"2026-03-28T11:19:05.037Z","message":"DB pool acquired","selectedDatabase":"KOL"}
{"ts":"2026-03-28T11:19:05.308Z","message":"Diagnostics - DB and SP availability","selectedDatabase":"KOL","currentDb":"IndusEnterprise","getMachinesForUserExists":true,"spId":659025629}
{"ts":"2026-03-28T11:19:05.432Z","message":"Login SP executed","storedProcedure":"dbo.GetMachinesForUser","selectedDatabase":"KOL","resultRowCount":11,"resultColumns":["UserID","LedgerID","machineid","machinename","departmentid","productionunitid"]}
{"ts":"2026-03-28T11:19:05.433Z","message":"Login success","selectedDatabase":"KOL","username":"Jayant","userId":177,"ledgerId":8657,"machinesCount":11,"currentDb":"IndusEnterprise"}
{"ts":"2026-03-29T04:46:26.575Z","message":"Login request received","route":"/auth/login","ip":"::1","rawQuery":{"username":"admin","database":"KOL","_t":"1774759586547"}}
{"ts":"2026-03-29T04:46:26.583Z","message":"Login params normalized","username":"admin","databaseParam":"KOL","selectedDatabase":"KOL"}
{"ts":"2026-03-29T04:46:26.584Z","message":"Attempting to get DB pool","selectedDatabase":"KOL"}
{"ts":"2026-03-29T04:46:26.810Z","message":"DB pool acquired","selectedDatabase":"KOL"}
{"ts":"2026-03-29T04:46:27.091Z","message":"Diagnostics - DB and SP availability","selectedDatabase":"KOL","currentDb":"IndusEnterprise","getMachinesForUserExists":true,"spId":659025629}
{"ts":"2026-03-29T04:46:27.218Z","message":"Login SP executed","storedProcedure":"dbo.GetMachinesForUser","selectedDatabase":"KOL","resultRowCount":20,"resultColumns":["UserID","LedgerID","machineid","machinename","departmentid","productionunitid"]}
{"ts":"2026-03-29T04:46:27.224Z","message":"Login success","selectedDatabase":"KOL","username":"admin","userId":2,"ledgerId":6349,"machinesCount":20,"currentDb":"IndusEnterprise"}
{"ts":"2026-03-29T04:46:59.823Z","message":"Login request received","route":"/auth/login","ip":"::1","rawQuery":{"username":"testop","database":"KOL","_t":"1774759619808"}}
{"ts":"2026-03-29T04:46:59.825Z","message":"Login params normalized","username":"testop","databaseParam":"KOL","selectedDatabase":"KOL"}
{"ts":"2026-03-29T04:46:59.853Z","message":"Attempting to get DB pool","selectedDatabase":"KOL"}
{"ts":"2026-03-29T04:47:00.056Z","message":"DB pool acquired","selectedDatabase":"KOL"}
{"ts":"2026-03-29T04:47:00.331Z","message":"Diagnostics - DB and SP availability","selectedDatabase":"KOL","currentDb":"IndusEnterprise","getMachinesForUserExists":true,"spId":659025629}
{"ts":"2026-03-29T04:47:00.435Z","message":"Login SP executed","storedProcedure":"dbo.GetMachinesForUser","selectedDatabase":"KOL","resultRowCount":22,"resultColumns":["UserID","LedgerID","machineid","machinename","departmentid","productionunitid"]}
{"ts":"2026-03-29T04:47:00.436Z","message":"Login success","selectedDatabase":"KOL","username":"testop","userId":71,"ledgerId":8108,"machinesCount":22,"currentDb":"IndusEnterprise"}
{"ts":"2026-03-29T06:38:23.470Z","message":"Login request received","route":"/auth/login","ip":"::1","rawQuery":{"username":"admin","database":"KOL","_t":"1774766303457"}}
{"ts":"2026-03-29T06:38:23.473Z","message":"Login params normalized","username":"admin","databaseParam":"KOL","selectedDatabase":"KOL"}
{"ts":"2026-03-29T06:38:23.482Z","message":"Attempting to get DB pool","selectedDatabase":"KOL"}
{"ts":"2026-03-29T06:38:23.573Z","message":"DB pool acquired","selectedDatabase":"KOL"}
{"ts":"2026-03-29T06:38:23.636Z","message":"Diagnostics - DB and SP availability","selectedDatabase":"KOL","currentDb":"IndusEnterprise","getMachinesForUserExists":true,"spId":659025629}
{"ts":"2026-03-29T06:38:23.662Z","message":"Login SP executed","storedProcedure":"dbo.GetMachinesForUser","selectedDatabase":"KOL","resultRowCount":20,"resultColumns":["UserID","LedgerID","machineid","machinename","departmentid","productionunitid"]}
{"ts":"2026-03-29T06:38:23.664Z","message":"Login success","selectedDatabase":"KOL","username":"admin","userId":2,"ledgerId":6349,"machinesCount":20,"currentDb":"IndusEnterprise"}
{"ts":"2026-03-29T07:09:14.192Z","message":"Login request received","route":"/auth/login","ip":"::1","rawQuery":{"username":"admin","database":"KOL","_t":"1774768154157"}}
{"ts":"2026-03-29T07:09:14.199Z","message":"Login params normalized","username":"admin","databaseParam":"KOL","selectedDatabase":"KOL"}
{"ts":"2026-03-29T07:09:14.210Z","message":"Attempting to get DB pool","selectedDatabase":"KOL"}
{"ts":"2026-03-29T07:09:14.422Z","message":"DB pool acquired","selectedDatabase":"KOL"}
{"ts":"2026-03-29T07:09:14.718Z","message":"Diagnostics - DB and SP availability","selectedDatabase":"KOL","currentDb":"IndusEnterprise","getMachinesForUserExists":true,"spId":659025629}
{"ts":"2026-03-29T07:09:14.827Z","message":"Login SP executed","storedProcedure":"dbo.GetMachinesForUser","selectedDatabase":"KOL","resultRowCount":20,"resultColumns":["UserID","LedgerID","machineid","machinename","departmentid","productionunitid"]}
{"ts":"2026-03-29T07:09:14.827Z","message":"Login success","selectedDatabase":"KOL","username":"admin","userId":2,"ledgerId":6349,"machinesCount":20,"currentDb":"IndusEnterprise"}
{"ts":"2026-03-29T07:17:01.731Z","message":"Login request received","route":"/auth/login","ip":"::1","rawQuery":{"username":"admin","database":"KOL","_t":"1774768621607"}}
{"ts":"2026-03-29T07:17:01.733Z","message":"Login params normalized","username":"admin","databaseParam":"KOL","selectedDatabase":"KOL"}
{"ts":"2026-03-29T07:17:01.780Z","message":"Attempting to get DB pool","selectedDatabase":"KOL"}
{"ts":"2026-03-29T07:17:02.120Z","message":"DB pool acquired","selectedDatabase":"KOL"}
{"ts":"2026-03-29T07:17:02.168Z","message":"Diagnostics - DB and SP availability","selectedDatabase":"KOL","currentDb":"IndusEnterprise","getMachinesForUserExists":true,"spId":659025629}
{"ts":"2026-03-29T07:17:02.204Z","message":"Login SP executed","storedProcedure":"dbo.GetMachinesForUser","selectedDatabase":"KOL","resultRowCount":20,"resultColumns":["UserID","LedgerID","machineid","machinename","departmentid","productionunitid"]}
{"ts":"2026-03-29T07:17:02.205Z","message":"Login success","selectedDatabase":"KOL","username":"admin","userId":2,"ledgerId":6349,"machinesCount":20,"currentDb":"IndusEnterprise"}
{"ts":"2026-03-29T07:17:09.071Z","message":"Admin PIN verified","route":"/auth/admin-pin","ip":"::1"}
{"ts":"2026-03-29T07:17:18.341Z","message":"Login request received","route":"/auth/login","ip":"::1","rawQuery":{"username":"admin","database":"KOL","_t":"1774768638333"}}
{"ts":"2026-03-29T07:17:18.343Z","message":"Login params normalized","username":"admin","databaseParam":"KOL","selectedDatabase":"KOL"}
{"ts":"2026-03-29T07:17:18.347Z","message":"Attempting to get DB pool","selectedDatabase":"KOL"}
{"ts":"2026-03-29T07:17:18.433Z","message":"DB pool acquired","selectedDatabase":"KOL"}
{"ts":"2026-03-29T07:17:18.488Z","message":"Diagnostics - DB and SP availability","selectedDatabase":"KOL","currentDb":"IndusEnterprise","getMachinesForUserExists":true,"spId":659025629}
{"ts":"2026-03-29T07:17:18.523Z","message":"Login SP executed","storedProcedure":"dbo.GetMachinesForUser","selectedDatabase":"KOL","resultRowCount":20,"resultColumns":["UserID","LedgerID","machineid","machinename","departmentid","productionunitid"]}
{"ts":"2026-03-29T07:17:18.524Z","message":"Login success","selectedDatabase":"KOL","username":"admin","userId":2,"ledgerId":6349,"machinesCount":20,"currentDb":"IndusEnterprise"}
{"ts":"2026-03-29T07:17:23.134Z","message":"Admin PIN rejected","route":"/auth/admin-pin","ip":"::1"}
{"ts":"2026-03-29T07:17:37.374Z","message":"Login request received","route":"/auth/login","ip":"::1","rawQuery":{"username":"testop","database":"KOL","_t":"1774768657361"}}
{"ts":"2026-03-29T07:17:37.376Z","message":"Login params normalized","username":"testop","databaseParam":"KOL","selectedDatabase":"KOL"}
{"ts":"2026-03-29T07:17:37.377Z","message":"Attempting to get DB pool","selectedDatabase":"KOL"}
{"ts":"2026-03-29T07:17:37.425Z","message":"DB pool acquired","selectedDatabase":"KOL"}
{"ts":"2026-03-29T07:17:37.479Z","message":"Diagnostics - DB and SP availability","selectedDatabase":"KOL","currentDb":"IndusEnterprise","getMachinesForUserExists":true,"spId":659025629}
{"ts":"2026-03-29T07:17:37.505Z","message":"Login SP executed","storedProcedure":"dbo.GetMachinesForUser","selectedDatabase":"KOL","resultRowCount":22,"resultColumns":["UserID","LedgerID","machineid","machinename","departmentid","productionunitid"]}
{"ts":"2026-03-29T07:17:37.506Z","message":"Login success","selectedDatabase":"KOL","username":"testop","userId":71,"ledgerId":8108,"machinesCount":22,"currentDb":"IndusEnterprise"}
{"ts":"2026-03-29T07:17:44.349Z","message":"Login request received","route":"/auth/login","ip":"::1","rawQuery":{"username":"admin","database":"KOL","_t":"1774768664332"}}
{"ts":"2026-03-29T07:17:44.350Z","message":"Login params normalized","username":"admin","databaseParam":"KOL","selectedDatabase":"KOL"}
{"ts":"2026-03-29T07:17:44.351Z","message":"Attempting to get DB pool","selectedDatabase":"KOL"}
{"ts":"2026-03-29T07:17:44.400Z","message":"DB pool acquired","selectedDatabase":"KOL"}
{"ts":"2026-03-29T07:17:44.454Z","message":"Diagnostics - DB and SP availability","selectedDatabase":"KOL","currentDb":"IndusEnterprise","getMachinesForUserExists":true,"spId":659025629}
{"ts":"2026-03-29T07:17:44.481Z","message":"Login SP executed","storedProcedure":"dbo.GetMachinesForUser","selectedDatabase":"KOL","resultRowCount":20,"resultColumns":["UserID","LedgerID","machineid","machinename","departmentid","productionunitid"]}
{"ts":"2026-03-29T07:17:44.481Z","message":"Login success","selectedDatabase":"KOL","username":"admin","userId":2,"ledgerId":6349,"machinesCount":20,"currentDb":"IndusEnterprise"}
{"ts":"2026-03-29T07:17:48.026Z","message":"Admin PIN rejected","route":"/auth/admin-pin","ip":"::1"}
{"ts":"2026-03-29T07:17:52.165Z","message":"Admin PIN verified","route":"/auth/admin-pin","ip":"::1"}
{"ts":"2026-03-31T11:23:20.988Z","message":"Logout request received","route":"/auth/logout","ip":"::1"}
{"ts":"2026-03-31T11:23:20.999Z","message":"Logout successful - session, cookies, and DB pools cleared","route":"/auth/logout","ip":"::1"}
{"ts":"2026-03-31T11:23:21.018Z","message":"Login request received","route":"/auth/login","ip":"::1","rawQuery":{"username":"admin","database":"KOL","_t":"1774956201003"}}
{"ts":"2026-03-31T11:23:21.020Z","message":"Login params normalized","username":"admin","databaseParam":"KOL","selectedDatabase":"KOL"}
{"ts":"2026-03-31T11:23:21.022Z","message":"Attempting to get DB pool","selectedDatabase":"KOL"}
{"ts":"2026-03-31T11:23:21.920Z","message":"DB pool acquired","selectedDatabase":"KOL"}
{"ts":"2026-03-31T11:23:22.194Z","message":"Diagnostics - DB and SP availability","selectedDatabase":"KOL","currentDb":"IndusEnterprise","getMachinesForUserExists":true,"spId":659025629}
{"ts":"2026-03-31T11:23:22.303Z","message":"Login SP executed","storedProcedure":"dbo.GetMachinesForUser","selectedDatabase":"KOL","resultRowCount":20,"resultColumns":["UserID","LedgerID","machineid","machinename","departmentid","productionunitid"]}
{"ts":"2026-03-31T11:23:22.303Z","message":"Login success","selectedDatabase":"KOL","username":"admin","userId":2,"ledgerId":6349,"machinesCount":20,"currentDb":"IndusEnterprise"}
{"ts":"2026-04-09T12:54:06.585Z","message":"Login request received","route":"/auth/login","ip":"::1","rawQuery":{"username":"admin","database":"KOL","_t":"1775739246337"}}
{"ts":"2026-04-09T12:54:06.594Z","message":"Login params normalized","username":"admin","databaseParam":"KOL","selectedDatabase":"KOL"}
{"ts":"2026-04-09T12:54:06.613Z","message":"Attempting to get DB pool","selectedDatabase":"KOL"}
{"ts":"2026-04-09T12:54:07.171Z","message":"DB pool acquired","selectedDatabase":"KOL"}
{"ts":"2026-04-09T12:54:07.439Z","message":"Diagnostics - DB and SP availability","selectedDatabase":"KOL","currentDb":"IndusEnterprise","getMachinesForUserExists":true,"spId":659025629}
{"ts":"2026-04-09T12:54:07.542Z","message":"Login SP executed","storedProcedure":"dbo.GetMachinesForUser","selectedDatabase":"KOL","resultRowCount":20,"resultColumns":["UserID","LedgerID","machineid","machinename","departmentid","productionunitid"]}
{"ts":"2026-04-09T12:54:07.545Z","message":"Login success","selectedDatabase":"KOL","username":"admin","userId":2,"ledgerId":6349,"machinesCount":20,"currentDb":"IndusEnterprise"}
{"ts":"2026-04-21T11:25:17.625Z","message":"Login request received","route":"/auth/login","ip":"::1","rawQuery":{"username":"admin","database":"KOL","_t":"1776770717587"}}
{"ts":"2026-04-21T11:25:17.638Z","message":"Login params normalized","username":"admin","databaseParam":"KOL","selectedDatabase":"KOL"}
{"ts":"2026-04-21T11:25:17.690Z","message":"Attempting to get DB pool","selectedDatabase":"KOL"}
{"ts":"2026-04-21T11:25:17.811Z","message":"DB pool acquired","selectedDatabase":"KOL"}
{"ts":"2026-04-21T11:25:18.087Z","message":"Diagnostics - DB and SP availability","selectedDatabase":"KOL","currentDb":"IndusEnterprise","getMachinesForUserExists":true,"spId":659025629}
{"ts":"2026-04-21T11:25:18.189Z","message":"Login SP executed","storedProcedure":"dbo.GetMachinesForUser","selectedDatabase":"KOL","resultRowCount":20,"resultColumns":["UserID","LedgerID","machineid","machinename","departmentid","productionunitid"]}
{"ts":"2026-04-21T11:25:18.190Z","message":"Login success","selectedDatabase":"KOL","username":"admin","userId":2,"ledgerId":6349,"machinesCount":20,"currentDb":"IndusEnterprise"}
{"ts":"2026-05-05T11:12:54.199Z","message":"Login request received","route":"/auth/login","ip":"::1","rawQuery":{"username":"tesop","database":"KOL","_t":"1777979572365"}}
{"ts":"2026-05-05T11:12:54.201Z","message":"Login params normalized","username":"tesop","databaseParam":"KOL","selectedDatabase":"KOL"}
{"ts":"2026-05-05T11:12:54.205Z","message":"Attempting to get DB pool","selectedDatabase":"KOL"}
{"ts":"2026-05-05T11:12:54.810Z","message":"DB pool acquired","selectedDatabase":"KOL"}
{"ts":"2026-05-05T11:12:54.859Z","message":"Diagnostics - DB and SP availability","selectedDatabase":"KOL","currentDb":"IndusEnterprise","getMachinesForUserExists":true,"spId":659025629}
{"ts":"2026-05-05T11:12:54.894Z","message":"Login SP executed","storedProcedure":"dbo.GetMachinesForUser","selectedDatabase":"KOL","resultRowCount":0,"resultColumns":[]}
{"ts":"2026-05-05T11:12:54.896Z","message":"Login completed - no machines for user","selectedDatabase":"KOL","username":"tesop","currentDb":"IndusEnterprise","getMachinesForUserExists":true}
{"ts":"2026-05-05T11:12:59.975Z","message":"Login request received","route":"/auth/login","ip":"::1","rawQuery":{"username":"testop","database":"KOL","_t":"1777979579964"}}
{"ts":"2026-05-05T11:12:59.976Z","message":"Login params normalized","username":"testop","databaseParam":"KOL","selectedDatabase":"KOL"}
{"ts":"2026-05-05T11:13:00.009Z","message":"Attempting to get DB pool","selectedDatabase":"KOL"}
{"ts":"2026-05-05T11:13:00.126Z","message":"DB pool acquired","selectedDatabase":"KOL"}
{"ts":"2026-05-05T11:13:00.179Z","message":"Diagnostics - DB and SP availability","selectedDatabase":"KOL","currentDb":"IndusEnterprise","getMachinesForUserExists":true,"spId":659025629}
{"ts":"2026-05-05T11:13:00.244Z","message":"Login SP executed","storedProcedure":"dbo.GetMachinesForUser","selectedDatabase":"KOL","resultRowCount":22,"resultColumns":["UserID","LedgerID","machineid","machinename","departmentid","productionunitid"]}
{"ts":"2026-05-05T11:13:00.245Z","message":"Login success","selectedDatabase":"KOL","username":"testop","userId":71,"ledgerId":8108,"machinesCount":22,"currentDb":"IndusEnterprise"}
{"ts":"2026-05-05T11:24:15.148Z","message":"Login request received","route":"/auth/login","ip":"::1","rawQuery":{"username":"admin01","database":"KOL","_t":"1777980255136"}}
{"ts":"2026-05-05T11:24:15.151Z","message":"Login params normalized","username":"admin01","databaseParam":"KOL","selectedDatabase":"KOL"}
{"ts":"2026-05-05T11:24:15.179Z","message":"Attempting to get DB pool","selectedDatabase":"KOL"}
{"ts":"2026-05-05T11:24:15.232Z","message":"DB pool acquired","selectedDatabase":"KOL"}
{"ts":"2026-05-05T11:24:15.293Z","message":"Diagnostics - DB and SP availability","selectedDatabase":"KOL","currentDb":"IndusEnterprise","getMachinesForUserExists":true,"spId":659025629}
{"ts":"2026-05-05T11:24:15.317Z","message":"Login SP executed","storedProcedure":"dbo.GetMachinesForUser","selectedDatabase":"KOL","resultRowCount":0,"resultColumns":[]}
{"ts":"2026-05-05T11:24:15.318Z","message":"Login completed - no machines for user","selectedDatabase":"KOL","username":"admin01","currentDb":"IndusEnterprise","getMachinesForUserExists":true}
{"ts":"2026-05-05T11:24:20.233Z","message":"Login request received","route":"/auth/login","ip":"::1","rawQuery":{"username":"admin","database":"KOL","_t":"1777980260224"}}
{"ts":"2026-05-05T11:24:20.234Z","message":"Login params normalized","username":"admin","databaseParam":"KOL","selectedDatabase":"KOL"}
{"ts":"2026-05-05T11:24:20.249Z","message":"Attempting to get DB pool","selectedDatabase":"KOL"}
{"ts":"2026-05-05T11:24:20.311Z","message":"DB pool acquired","selectedDatabase":"KOL"}
{"ts":"2026-05-05T11:24:20.370Z","message":"Diagnostics - DB and SP availability","selectedDatabase":"KOL","currentDb":"IndusEnterprise","getMachinesForUserExists":true,"spId":659025629}
{"ts":"2026-05-05T11:24:20.413Z","message":"Login SP executed","storedProcedure":"dbo.GetMachinesForUser","selectedDatabase":"KOL","resultRowCount":20,"resultColumns":["UserID","LedgerID","machineid","machinename","departmentid","productionunitid"]}
{"ts":"2026-05-05T11:24:20.414Z","message":"Login success","selectedDatabase":"KOL","username":"admin","userId":2,"ledgerId":6349,"machinesCount":20,"currentDb":"IndusEnterprise"}
{"ts":"2026-05-05T11:24:23.997Z","message":"Admin PIN verified","route":"/auth/admin-pin","ip":"::1"}
{"ts":"2026-05-13T02:53:13.882Z","message":"Admin PIN rejected","route":"/auth/admin-pin","ip":"::1"}
{"ts":"2026-05-13T02:53:22.396Z","message":"Admin PIN verified","route":"/auth/admin-pin","ip":"::1"}
{"ts":"2026-05-13T02:54:02.088Z","message":"Login request received","route":"/auth/login","ip":"::1","rawQuery":{"username":"admin","database":"AHM","_t":"1778640842057"}}
{"ts":"2026-05-13T02:54:02.089Z","message":"Login params normalized","username":"admin","databaseParam":"AHM","selectedDatabase":"AHM"}
{"ts":"2026-05-13T02:54:02.102Z","message":"Attempting to get DB pool","selectedDatabase":"AHM"}
{"ts":"2026-05-13T02:54:02.155Z","message":"DB pool acquired","selectedDatabase":"AHM"}
{"ts":"2026-05-13T02:54:02.218Z","message":"Diagnostics - DB and SP availability","selectedDatabase":"AHM","currentDb":"IndusEnterprise2","getMachinesForUserExists":true,"spId":1603028992}
{"ts":"2026-05-13T02:54:02.250Z","message":"Login SP executed","storedProcedure":"dbo.GetMachinesForUser","selectedDatabase":"AHM","resultRowCount":17,"resultColumns":["UserID","LedgerID","machineid","machinename","departmentid","productionunitid"]}
{"ts":"2026-05-13T02:54:02.252Z","message":"Login success","selectedDatabase":"AHM","username":"admin","userId":2,"ledgerId":6269,"machinesCount":17,"currentDb":"IndusEnterprise2"}
{"ts":"2026-05-13T02:54:07.881Z","message":"Admin PIN verified","route":"/auth/admin-pin","ip":"::1"}
{"ts":"2026-05-13T03:12:03.747Z","message":"Admin PIN verified","route":"/auth/admin-pin","ip":"::1"}
{"ts":"2026-05-13T03:12:08.625Z","message":"Admin PIN verified","route":"/auth/admin-pin","ip":"::1"}
{"ts":"2026-05-13T03:15:35.944Z","message":"Admin PIN verified","route":"/auth/admin-pin","ip":"::1"}
{"ts":"2026-05-13T03:23:07.599Z","message":"Admin PIN verified","route":"/auth/admin-pin","ip":"::1"}
{"ts":"2026-05-13T03:24:38.633Z","message":"Admin PIN verified","route":"/auth/admin-pin","ip":"::1"}
{"ts":"2026-05-13T11:04:16.952Z","message":"Admin PIN verified","route":"/auth/admin-pin","ip":"::1"}
{"ts":"2026-05-13T11:05:07.351Z","message":"Login request received","route":"/auth/login","ip":"::1","rawQuery":{"username":"vijay","database":"AHM","_t":"1778670307312"}}
{"ts":"2026-05-13T11:05:07.351Z","message":"Login params normalized","username":"vijay","databaseParam":"AHM","selectedDatabase":"AHM"}
{"ts":"2026-05-13T11:05:07.352Z","message":"Attempting to get DB pool","selectedDatabase":"AHM"}
{"ts":"2026-05-13T11:05:07.528Z","message":"DB pool acquired","selectedDatabase":"AHM"}
{"ts":"2026-05-13T11:05:07.781Z","message":"Diagnostics - DB and SP availability","selectedDatabase":"AHM","currentDb":"IndusEnterprise2","getMachinesForUserExists":true,"spId":1603028992}
{"ts":"2026-05-13T11:05:07.873Z","message":"Login SP executed","storedProcedure":"dbo.GetMachinesForUser","selectedDatabase":"AHM","resultRowCount":0,"resultColumns":[]}
{"ts":"2026-05-13T11:05:07.873Z","message":"Login completed - no machines for user","selectedDatabase":"AHM","username":"vijay","currentDb":"IndusEnterprise2","getMachinesForUserExists":true}
{"ts":"2026-05-13T11:05:14.345Z","message":"Login request received","route":"/auth/login","ip":"::1","rawQuery":{"username":"vijay singh","database":"AHM","_t":"1778670314335"}}
{"ts":"2026-05-13T11:05:14.345Z","message":"Login params normalized","username":"vijay singh","databaseParam":"AHM","selectedDatabase":"AHM"}
{"ts":"2026-05-13T11:05:14.361Z","message":"Attempting to get DB pool","selectedDatabase":"AHM"}
{"ts":"2026-05-13T11:05:14.547Z","message":"DB pool acquired","selectedDatabase":"AHM"}
{"ts":"2026-05-13T11:05:14.804Z","message":"Diagnostics - DB and SP availability","selectedDatabase":"AHM","currentDb":"IndusEnterprise2","getMachinesForUserExists":true,"spId":1603028992}
{"ts":"2026-05-13T11:05:14.899Z","message":"Login SP executed","storedProcedure":"dbo.GetMachinesForUser","selectedDatabase":"AHM","resultRowCount":5,"resultColumns":["UserID","LedgerID","machineid","machinename","departmentid","productionunitid"]}
{"ts":"2026-05-13T11:05:14.902Z","message":"Login success","selectedDatabase":"AHM","username":"vijay singh","userId":92,"ledgerId":6347,"machinesCount":5,"currentDb":"IndusEnterprise2"}
{"ts":"2026-05-19T12:41:43.837Z","message":"Login params normalized","username":"sandeep","databaseParam":"AHM","selectedDatabase":"AHM"}
{"ts":"2026-05-19T12:41:43.836Z","message":"Login request received","route":"/auth/login","ip":"::1","rawQuery":{"username":"sandeep","database":"AHM","_t":"1779194503815"}}
{"ts":"2026-05-19T12:41:43.844Z","message":"Attempting to get DB pool","selectedDatabase":"AHM"}
{"ts":"2026-05-19T12:41:44.014Z","message":"DB pool acquired","selectedDatabase":"AHM"}
{"ts":"2026-05-19T12:41:44.313Z","message":"Diagnostics - DB and SP availability","selectedDatabase":"AHM","currentDb":"IndusEnterprise2","getMachinesForUserExists":true,"spId":1603028992}
{"ts":"2026-05-19T12:41:44.463Z","message":"Login SP executed","storedProcedure":"dbo.GetMachinesForUser","selectedDatabase":"AHM","resultRowCount":10,"resultColumns":["UserID","LedgerID","machineid","machinename","departmentid","productionunitid"]}
{"ts":"2026-05-19T12:41:44.463Z","message":"Login success","selectedDatabase":"AHM","username":"sandeep","userId":80,"ledgerId":6316,"machinesCount":10,"currentDb":"IndusEnterprise2"}
{"ts":"2026-05-19T13:19:40.079Z","message":"Login request received","route":"/auth/login","ip":"::1","rawQuery":{"username":"rana","database":"AHM","_t":"1779196780068"}}
{"ts":"2026-05-19T13:19:40.093Z","message":"Attempting to get DB pool","selectedDatabase":"AHM"}
{"ts":"2026-05-19T13:19:40.081Z","message":"Login params normalized","username":"rana","databaseParam":"AHM","selectedDatabase":"AHM"}
{"ts":"2026-05-19T13:19:40.317Z","message":"DB pool acquired","selectedDatabase":"AHM"}
{"ts":"2026-05-19T13:19:40.599Z","message":"Diagnostics - DB and SP availability","selectedDatabase":"AHM","currentDb":"IndusEnterprise2","getMachinesForUserExists":true,"spId":1603028992}
{"ts":"2026-05-19T13:19:40.727Z","message":"Login SP executed","storedProcedure":"dbo.GetMachinesForUser","selectedDatabase":"AHM","resultRowCount":5,"resultColumns":["UserID","LedgerID","machineid","machinename","departmentid","productionunitid"]}
{"ts":"2026-05-19T13:19:40.728Z","message":"Login success","selectedDatabase":"AHM","username":"rana","userId":99,"ledgerId":7325,"machinesCount":5,"currentDb":"IndusEnterprise2"}
{"ts":"2026-05-19T14:23:55.985Z","message":"Login params normalized","username":"sandeep","databaseParam":"AHM","selectedDatabase":"AHM"}
{"ts":"2026-05-19T14:23:55.985Z","message":"Login request received","route":"/auth/login","ip":"::1","rawQuery":{"username":"sandeep","database":"AHM","_t":"1779200635972"}}
{"ts":"2026-05-19T14:23:56.019Z","message":"Attempting to get DB pool","selectedDatabase":"AHM"}
{"ts":"2026-05-19T14:23:56.270Z","message":"DB pool acquired","selectedDatabase":"AHM"}
{"ts":"2026-05-19T14:23:56.325Z","message":"Diagnostics - DB and SP availability","selectedDatabase":"AHM","currentDb":"IndusEnterprise2","getMachinesForUserExists":true,"spId":1603028992}
{"ts":"2026-05-19T14:23:56.365Z","message":"Login SP executed","storedProcedure":"dbo.GetMachinesForUser","selectedDatabase":"AHM","resultRowCount":10,"resultColumns":["UserID","LedgerID","machineid","machinename","departmentid","productionunitid"]}
{"ts":"2026-05-19T14:23:56.366Z","message":"Login success","selectedDatabase":"AHM","username":"sandeep","userId":80,"ledgerId":6316,"machinesCount":10,"currentDb":"IndusEnterprise2"}
{"ts":"2026-05-21T10:05:11.575Z","message":"Login request received","route":"/auth/login","ip":"::1","rawQuery":{"username":"baleshvar ram","database":"AHM","_t":"1779357911541"}}
{"ts":"2026-05-21T10:05:11.576Z","message":"Login params normalized","username":"baleshvar ram","databaseParam":"AHM","selectedDatabase":"AHM"}
{"ts":"2026-05-21T10:05:11.593Z","message":"Attempting to get DB pool","selectedDatabase":"AHM"}
{"ts":"2026-05-21T10:05:11.749Z","message":"DB pool acquired","selectedDatabase":"AHM"}
{"ts":"2026-05-21T10:05:12.104Z","message":"Diagnostics - DB and SP availability","selectedDatabase":"AHM","currentDb":"IndusEnterprise2","getMachinesForUserExists":true,"spId":1603028992}
{"ts":"2026-05-21T10:05:12.226Z","message":"Login SP executed","storedProcedure":"dbo.GetMachinesForUser","selectedDatabase":"AHM","resultRowCount":5,"resultColumns":["UserID","LedgerID","machineid","machinename","departmentid","productionunitid"]}
{"ts":"2026-05-21T10:05:12.226Z","message":"Login success","selectedDatabase":"AHM","username":"baleshvar ram","userId":77,"ledgerId":6307,"machinesCount":5,"currentDb":"IndusEnterprise2"}
{"ts":"2026-05-21T11:04:01.789Z","message":"Login request received","route":"/auth/login","ip":"::1","rawQuery":{"username":"baleshvar ram","database":"AHM","_t":"1779361423134"}}
{"ts":"2026-05-21T11:04:01.790Z","message":"Login params normalized","username":"baleshvar ram","databaseParam":"AHM","selectedDatabase":"AHM"}
{"ts":"2026-05-21T11:04:01.798Z","message":"Attempting to get DB pool","selectedDatabase":"AHM"}
{"ts":"2026-05-21T11:04:02.317Z","message":"Login failed","route":"/auth/login","ip":"::1","error":"Error: Tarn: invalid opt.idleTimeoutMillis 0","stack":"Error: Tarn: invalid opt.idleTimeoutMillis 0\n    at new Pool (C:\\Users\\User\\Desktop\\CDC Site\\backend\\node_modules\\tarn\\dist\\Pool.js:38:19)\n    at C:\\Users\\User\\Desktop\\CDC Site\\backend\\node_modules\\mssql\\lib\\base\\connection-pool.js:452:21\n    at process.processTicksAndRejections (node:internal/process/task_queues:105:5)"}
{"ts":"2026-05-21T11:21:19.006Z","message":"Login request received","route":"/auth/login","ip":"::1","rawQuery":{"username":"baleshvar ram","database":"AHM","_t":"1779362478972"}}
{"ts":"2026-05-21T11:21:19.006Z","message":"Login params normalized","username":"baleshvar ram","databaseParam":"AHM","selectedDatabase":"AHM"}
{"ts":"2026-05-21T11:21:19.015Z","message":"Attempting to get DB pool","selectedDatabase":"AHM"}
{"ts":"2026-05-21T11:21:19.015Z","message":"DB pool acquired","selectedDatabase":"AHM"}
{"ts":"2026-05-21T11:21:19.055Z","message":"Diagnostics - DB and SP availability","selectedDatabase":"AHM","currentDb":"IndusEnterprise2","getMachinesForUserExists":true,"spId":1603028992}
{"ts":"2026-05-21T11:21:19.095Z","message":"Login SP executed","storedProcedure":"dbo.GetMachinesForUser","selectedDatabase":"AHM","resultRowCount":5,"resultColumns":["UserID","LedgerID","machineid","machinename","departmentid","productionunitid"]}
{"ts":"2026-05-21T11:21:19.095Z","message":"Login success","selectedDatabase":"AHM","username":"baleshvar ram","userId":77,"ledgerId":6307,"machinesCount":5,"currentDb":"IndusEnterprise2"}
{"ts":"2026-05-21T11:23:00.620Z","message":"Login request received","route":"/auth/login","ip":"::1","rawQuery":{"username":"Sandeep","database":"AHM","_t":"1779362580610"}}
{"ts":"2026-05-21T11:23:00.620Z","message":"Login params normalized","username":"Sandeep","databaseParam":"AHM","selectedDatabase":"AHM"}
{"ts":"2026-05-21T11:23:00.636Z","message":"Attempting to get DB pool","selectedDatabase":"AHM"}
{"ts":"2026-05-21T11:23:00.636Z","message":"DB pool acquired","selectedDatabase":"AHM"}
{"ts":"2026-05-21T11:23:00.910Z","message":"Diagnostics - DB and SP availability","selectedDatabase":"AHM","currentDb":"IndusEnterprise2","getMachinesForUserExists":true,"spId":1603028992}
{"ts":"2026-05-21T11:23:01.010Z","message":"Login SP executed","storedProcedure":"dbo.GetMachinesForUser","selectedDatabase":"AHM","resultRowCount":10,"resultColumns":["UserID","LedgerID","machineid","machinename","departmentid","productionunitid"]}
{"ts":"2026-05-21T11:23:01.010Z","message":"Login success","selectedDatabase":"AHM","username":"Sandeep","userId":80,"ledgerId":6316,"machinesCount":10,"currentDb":"IndusEnterprise2"}
{"ts":"2026-05-21T11:40:25.857Z","message":"Login request received","route":"/auth/login","ip":"::1","rawQuery":{"username":"testop","database":"KOL","_t":"1779363625833"}}
{"ts":"2026-05-21T11:40:25.857Z","message":"Login params normalized","username":"testop","databaseParam":"KOL","selectedDatabase":"KOL"}
{"ts":"2026-05-21T11:40:25.864Z","message":"Attempting to get DB pool","selectedDatabase":"KOL"}
{"ts":"2026-05-21T11:40:26.010Z","message":"DB pool acquired","selectedDatabase":"KOL"}
{"ts":"2026-05-21T11:40:26.104Z","message":"Diagnostics - DB and SP availability","selectedDatabase":"KOL","currentDb":"IndusEnterprise","getMachinesForUserExists":true,"spId":659025629}
{"ts":"2026-05-21T11:40:26.129Z","message":"Login SP executed","storedProcedure":"dbo.GetMachinesForUser","selectedDatabase":"KOL","resultRowCount":22,"resultColumns":["UserID","LedgerID","machineid","machinename","departmentid","productionunitid"]}
{"ts":"2026-05-21T11:40:26.130Z","message":"Login success","selectedDatabase":"KOL","username":"testop","userId":71,"ledgerId":8108,"machinesCount":22,"currentDb":"IndusEnterprise"}
{"ts":"2026-05-21T11:40:34.966Z","message":"Login request received","route":"/auth/login","ip":"::1","rawQuery":{"username":"testop","database":"AHM","_t":"1779363634956"}}
{"ts":"2026-05-21T11:40:34.967Z","message":"Login params normalized","username":"testop","databaseParam":"AHM","selectedDatabase":"AHM"}
{"ts":"2026-05-21T11:40:34.978Z","message":"Attempting to get DB pool","selectedDatabase":"AHM"}
{"ts":"2026-05-21T11:40:35.368Z","message":"DB pool acquired","selectedDatabase":"AHM"}
{"ts":"2026-05-21T11:40:35.469Z","message":"Diagnostics - DB and SP availability","selectedDatabase":"AHM","currentDb":"IndusEnterprise2","getMachinesForUserExists":true,"spId":1603028992}
{"ts":"2026-05-21T11:40:35.508Z","message":"Login SP executed","storedProcedure":"dbo.GetMachinesForUser","selectedDatabase":"AHM","resultRowCount":0,"resultColumns":[]}
{"ts":"2026-05-21T11:40:35.508Z","message":"Login completed - no machines for user","selectedDatabase":"AHM","username":"testop","currentDb":"IndusEnterprise2","getMachinesForUserExists":true}
{"ts":"2026-05-21T11:40:46.140Z","message":"Login request received","route":"/auth/login","ip":"::1","rawQuery":{"username":"sandeep","database":"AHM","_t":"1779363646125"}}
{"ts":"2026-05-21T11:40:46.141Z","message":"Login params normalized","username":"sandeep","databaseParam":"AHM","selectedDatabase":"AHM"}
{"ts":"2026-05-21T11:40:46.160Z","message":"Attempting to get DB pool","selectedDatabase":"AHM"}
{"ts":"2026-05-21T11:40:46.308Z","message":"DB pool acquired","selectedDatabase":"AHM"}
{"ts":"2026-05-21T11:40:46.688Z","message":"Diagnostics - DB and SP availability","selectedDatabase":"AHM","currentDb":"IndusEnterprise2","getMachinesForUserExists":true,"spId":1603028992}
{"ts":"2026-05-21T11:40:46.760Z","message":"Login SP executed","storedProcedure":"dbo.GetMachinesForUser","selectedDatabase":"AHM","resultRowCount":10,"resultColumns":["UserID","LedgerID","machineid","machinename","departmentid","productionunitid"]}
{"ts":"2026-05-21T11:40:46.760Z","message":"Login success","selectedDatabase":"AHM","username":"sandeep","userId":80,"ledgerId":6316,"machinesCount":10,"currentDb":"IndusEnterprise2"}
{"ts":"2026-05-21T11:42:59.875Z","message":"Login request received","route":"/auth/login","ip":"::1","rawQuery":{"username":"testop","database":"KOL","_t":"1779363779851"}}
{"ts":"2026-05-21T11:42:59.875Z","message":"Login params normalized","username":"testop","databaseParam":"KOL","selectedDatabase":"KOL"}
{"ts":"2026-05-21T11:42:59.885Z","message":"Attempting to get DB pool","selectedDatabase":"KOL"}
{"ts":"2026-05-21T11:42:59.931Z","message":"DB pool acquired","selectedDatabase":"KOL"}
{"ts":"2026-05-21T11:43:00.034Z","message":"Diagnostics - DB and SP availability","selectedDatabase":"KOL","currentDb":"IndusEnterprise","getMachinesForUserExists":true,"spId":659025629}
{"ts":"2026-05-21T11:43:00.098Z","message":"Login SP executed","storedProcedure":"dbo.GetMachinesForUser","selectedDatabase":"KOL","resultRowCount":22,"resultColumns":["UserID","LedgerID","machineid","machinename","departmentid","productionunitid"]}
{"ts":"2026-05-21T11:43:00.098Z","message":"Login success","selectedDatabase":"KOL","username":"testop","userId":71,"ledgerId":8108,"machinesCount":22,"currentDb":"IndusEnterprise"}
{"ts":"2026-05-21T11:43:27.775Z","message":"Login request received","route":"/auth/login","ip":"::1","rawQuery":{"username":"testop","database":"AHM","_t":"1779363807762"}}
{"ts":"2026-05-21T11:43:27.775Z","message":"Login params normalized","username":"testop","databaseParam":"AHM","selectedDatabase":"AHM"}
{"ts":"2026-05-21T11:43:27.793Z","message":"Attempting to get DB pool","selectedDatabase":"AHM"}
{"ts":"2026-05-21T11:43:28.118Z","message":"DB pool acquired","selectedDatabase":"AHM"}
{"ts":"2026-05-21T11:43:28.174Z","message":"Diagnostics - DB and SP availability","selectedDatabase":"AHM","currentDb":"IndusEnterprise2","getMachinesForUserExists":true,"spId":1603028992}
{"ts":"2026-05-21T11:43:28.195Z","message":"Login SP executed","storedProcedure":"dbo.GetMachinesForUser","selectedDatabase":"AHM","resultRowCount":0,"resultColumns":[]}
{"ts":"2026-05-21T11:43:28.195Z","message":"Login completed - no machines for user","selectedDatabase":"AHM","username":"testop","currentDb":"IndusEnterprise2","getMachinesForUserExists":true}
{"ts":"2026-05-21T11:43:34.774Z","message":"Login params normalized","username":"sandeep","databaseParam":"AHM","selectedDatabase":"AHM"}
{"ts":"2026-05-21T11:43:34.774Z","message":"Login request received","route":"/auth/login","ip":"::1","rawQuery":{"username":"sandeep","database":"AHM","_t":"1779363814746"}}
{"ts":"2026-05-21T11:43:34.789Z","message":"Attempting to get DB pool","selectedDatabase":"AHM"}
{"ts":"2026-05-21T11:43:34.844Z","message":"DB pool acquired","selectedDatabase":"AHM"}
{"ts":"2026-05-21T11:43:34.916Z","message":"Diagnostics - DB and SP availability","selectedDatabase":"AHM","currentDb":"IndusEnterprise2","getMachinesForUserExists":true,"spId":1603028992}
{"ts":"2026-05-21T11:43:34.939Z","message":"Login SP executed","storedProcedure":"dbo.GetMachinesForUser","selectedDatabase":"AHM","resultRowCount":10,"resultColumns":["UserID","LedgerID","machineid","machinename","departmentid","productionunitid"]}
{"ts":"2026-05-21T11:43:34.939Z","message":"Login success","selectedDatabase":"AHM","username":"sandeep","userId":80,"ledgerId":6316,"machinesCount":10,"currentDb":"IndusEnterprise2"}
{"ts":"2026-05-21T11:45:24.066Z","message":"Login request received","route":"/auth/login","ip":"::1","rawQuery":{"username":"sandeep","database":"KOL","_t":"1779363924059"}}
{"ts":"2026-05-21T11:45:24.066Z","message":"Login params normalized","username":"sandeep","databaseParam":"KOL","selectedDatabase":"KOL"}
{"ts":"2026-05-21T11:45:24.082Z","message":"Attempting to get DB pool","selectedDatabase":"KOL"}
{"ts":"2026-05-21T11:45:24.275Z","message":"DB pool acquired","selectedDatabase":"KOL"}
{"ts":"2026-05-21T11:45:24.422Z","message":"Diagnostics - DB and SP availability","selectedDatabase":"KOL","currentDb":"IndusEnterprise","getMachinesForUserExists":true,"spId":659025629}
{"ts":"2026-05-21T11:45:24.446Z","message":"Login SP executed","storedProcedure":"dbo.GetMachinesForUser","selectedDatabase":"KOL","resultRowCount":0,"resultColumns":[]}
{"ts":"2026-05-21T11:45:24.446Z","message":"Login completed - no machines for user","selectedDatabase":"KOL","username":"sandeep","currentDb":"IndusEnterprise","getMachinesForUserExists":true}
{"ts":"2026-05-21T11:45:32.249Z","message":"Login request received","route":"/auth/login","ip":"::1","rawQuery":{"username":"testop","database":"KOL","_t":"1779363932145"}}
{"ts":"2026-05-21T11:45:32.249Z","message":"Login params normalized","username":"testop","databaseParam":"KOL","selectedDatabase":"KOL"}
{"ts":"2026-05-21T11:45:32.259Z","message":"Attempting to get DB pool","selectedDatabase":"KOL"}
{"ts":"2026-05-21T11:45:32.381Z","message":"DB pool acquired","selectedDatabase":"KOL"}
{"ts":"2026-05-21T11:45:32.525Z","message":"Diagnostics - DB and SP availability","selectedDatabase":"KOL","currentDb":"IndusEnterprise","getMachinesForUserExists":true,"spId":659025629}
{"ts":"2026-05-21T11:45:32.629Z","message":"Login SP executed","storedProcedure":"dbo.GetMachinesForUser","selectedDatabase":"KOL","resultRowCount":22,"resultColumns":["UserID","LedgerID","machineid","machinename","departmentid","productionunitid"]}
{"ts":"2026-05-21T11:45:32.629Z","message":"Login success","selectedDatabase":"KOL","username":"testop","userId":71,"ledgerId":8108,"machinesCount":22,"currentDb":"IndusEnterprise"}
{"ts":"2026-05-21T12:08:10.560Z","message":"Login request received","route":"/auth/login","ip":"::1","rawQuery":{"username":"sandeep","database":"AHM","_t":"1779365290533"}}
{"ts":"2026-05-21T12:08:10.560Z","message":"Login params normalized","username":"sandeep","databaseParam":"AHM","selectedDatabase":"AHM"}
{"ts":"2026-05-21T12:08:10.573Z","message":"Attempting to get DB pool","selectedDatabase":"AHM"}
{"ts":"2026-05-21T12:08:10.845Z","message":"DB pool acquired","selectedDatabase":"AHM"}
{"ts":"2026-05-21T12:08:11.113Z","message":"Diagnostics - DB and SP availability","selectedDatabase":"AHM","currentDb":"IndusEnterprise2","getMachinesForUserExists":true,"spId":1603028992}
{"ts":"2026-05-21T12:08:11.154Z","message":"Login SP executed","storedProcedure":"dbo.GetMachinesForUser","selectedDatabase":"AHM","resultRowCount":10,"resultColumns":["UserID","LedgerID","machineid","machinename","departmentid","productionunitid"]}
{"ts":"2026-05-21T12:08:11.154Z","message":"Login success","selectedDatabase":"AHM","username":"sandeep","userId":80,"ledgerId":6316,"machinesCount":10,"currentDb":"IndusEnterprise2"}
{"ts":"2026-06-05T13:10:09.909Z","message":"Logout request received","route":"/auth/logout","ip":"::1"}
{"ts":"2026-06-05T13:10:09.911Z","message":"Logout successful - session, cookies, and DB pools cleared","route":"/auth/logout","ip":"::1"}
{"ts":"2026-06-05T13:10:09.936Z","message":"Login request received","route":"/auth/login","ip":"::1","rawQuery":{"username":"admin","database":"KOL","_t":"1780665009922"}}
{"ts":"2026-06-05T13:10:09.941Z","message":"Attempting to get DB pool","selectedDatabase":"KOL"}
{"ts":"2026-06-05T13:10:09.936Z","message":"Login params normalized","username":"admin","databaseParam":"KOL","selectedDatabase":"KOL"}
{"ts":"2026-06-05T13:10:10.861Z","message":"DB pool acquired","selectedDatabase":"KOL"}
{"ts":"2026-06-05T13:10:11.192Z","message":"Diagnostics - DB and SP availability","selectedDatabase":"KOL","currentDb":"IndusEnterprise","getMachinesForUserExists":true,"spId":659025629}
{"ts":"2026-06-05T13:10:11.317Z","message":"Login SP executed","storedProcedure":"dbo.GetMachinesForUser","selectedDatabase":"KOL","resultRowCount":20,"resultColumns":["UserID","LedgerID","machineid","machinename","departmentid","productionunitid"]}
{"ts":"2026-06-05T13:10:11.318Z","message":"Login success","selectedDatabase":"KOL","username":"admin","userId":2,"ledgerId":6349,"machinesCount":20,"currentDb":"IndusEnterprise"}
{"ts":"2026-09-01T07:13:34.901Z","message":"Login params normalized","username":"admin","databaseParam":"KOL","selectedDatabase":"KOL"}
{"ts":"2026-09-01T07:13:34.900Z","message":"Login request received","route":"/auth/login","ip":"::1","rawQuery":{"username":"admin","database":"KOL","_t":"1788246814882"}}
{"ts":"2026-09-01T07:13:34.902Z","message":"Attempting to get DB pool","selectedDatabase":"KOL"}
{"ts":"2026-09-01T07:13:36.123Z","message":"DB pool acquired","selectedDatabase":"KOL"}
{"ts":"2026-09-01T07:13:37.947Z","message":"Diagnostics - DB and SP availability","selectedDatabase":"KOL","currentDb":"IndusEnterprise","getMachinesForUserExists":true,"spId":659025629}
{"ts":"2026-09-01T07:13:38.648Z","message":"Login SP executed","storedProcedure":"dbo.GetMachinesForUser","selectedDatabase":"KOL","resultRowCount":20,"resultColumns":["UserID","LedgerID","machineid","machinename","departmentid","productionunitid"]}
{"ts":"2026-09-01T07:13:38.649Z","message":"Login success","selectedDatabase":"KOL","username":"admin","userId":2,"ledgerId":6349,"machinesCount":20,"currentDb":"IndusEnterprise"}
{"ts":"2026-09-01T07:13:46.068Z","message":"Admin PIN verified","route":"/auth/admin-pin","ip":"::1"}
{"ts":"2026-09-01T07:16:24.864Z","message":"Admin PIN rejected","route":"/auth/admin-pin","ip":"::1"}
{"ts":"2026-09-01T07:16:28.574Z","message":"Admin PIN verified","route":"/auth/admin-pin","ip":"::1"}
{"ts":"2026-09-01T07:16:49.759Z","message":"Login params normalized","username":"admin","databaseParam":"AHM","selectedDatabase":"AHM"}
{"ts":"2026-09-01T07:16:49.759Z","message":"Login request received","route":"/auth/login","ip":"::1","rawQuery":{"username":"admin","database":"AHM","_t":"1788247009753"}}
{"ts":"2026-09-01T07:16:49.760Z","message":"Attempting to get DB pool","selectedDatabase":"AHM"}
{"ts":"2026-09-01T07:16:50.240Z","message":"DB pool acquired","selectedDatabase":"AHM"}
{"ts":"2026-09-01T07:16:50.936Z","message":"Diagnostics - DB and SP availability","selectedDatabase":"AHM","currentDb":"IndusEnterprise2","getMachinesForUserExists":true,"spId":1603028992}
{"ts":"2026-09-01T07:16:51.174Z","message":"Login SP executed","storedProcedure":"dbo.GetMachinesForUser","selectedDatabase":"AHM","resultRowCount":23,"resultColumns":["UserID","LedgerID","machineid","machinename","departmentid","productionunitid"]}
{"ts":"2026-09-01T07:16:51.175Z","message":"Login success","selectedDatabase":"AHM","username":"admin","userId":2,"ledgerId":6269,"machinesCount":23,"currentDb":"IndusEnterprise2"}
{"ts":"2026-09-01T07:16:59.303Z","message":"Admin PIN verified","route":"/auth/admin-pin","ip":"::1"}
{"ts":"2026-09-01T07:19:36.117Z","message":"Admin PIN verified","route":"/auth/admin-pin","ip":"::1"}
{"ts":"2026-09-01T07:19:44.322Z","message":"Attempting to get DB pool","selectedDatabase":"KOL"}
{"ts":"2026-09-01T07:19:44.320Z","message":"Login params normalized","username":"admin","databaseParam":"KOL","selectedDatabase":"KOL"}
{"ts":"2026-09-01T07:19:44.320Z","message":"Login request received","route":"/auth/login","ip":"::1","rawQuery":{"username":"admin","database":"KOL","_t":"1788247184312"}}
{"ts":"2026-09-01T07:19:44.851Z","message":"DB pool acquired","selectedDatabase":"KOL"}
{"ts":"2026-09-01T07:19:45.554Z","message":"Diagnostics - DB and SP availability","selectedDatabase":"KOL","currentDb":"IndusEnterprise","getMachinesForUserExists":true,"spId":659025629}
{"ts":"2026-09-01T07:19:45.799Z","message":"Login SP executed","storedProcedure":"dbo.GetMachinesForUser","selectedDatabase":"KOL","resultRowCount":20,"resultColumns":["UserID","LedgerID","machineid","machinename","departmentid","productionunitid"]}
{"ts":"2026-09-01T07:19:45.799Z","message":"Login success","selectedDatabase":"KOL","username":"admin","userId":2,"ledgerId":6349,"machinesCount":20,"currentDb":"IndusEnterprise"}
{"ts":"2026-09-01T07:19:48.814Z","message":"Admin PIN verified","route":"/auth/admin-pin","ip":"::1"}
